running egg_info
writing build/intent_engine/intent_engine.egg-info/PKG-INFO
writing dependency_links to build/intent_engine/intent_engine.egg-info/dependency_links.txt
writing entry points to build/intent_engine/intent_engine.egg-info/entry_points.txt
writing requirements to build/intent_engine/intent_engine.egg-info/requires.txt
writing top-level names to build/intent_engine/intent_engine.egg-info/top_level.txt
reading manifest file 'build/intent_engine/intent_engine.egg-info/SOURCES.txt'
writing manifest file 'build/intent_engine/intent_engine.egg-info/SOURCES.txt'
running build
running build_py
copying intent_engine/cli.py -> /home/vk/ros2_ws/src/intent_engine/build/intent_engine/build/lib/intent_engine
running install
running install_lib
copying /home/vk/ros2_ws/src/intent_engine/build/intent_engine/build/lib/intent_engine/cli.py -> /home/vk/ros2_ws/src/intent_engine/install/intent_engine/lib/python3.10/site-packages/intent_engine
byte-compiling /home/vk/ros2_ws/src/intent_engine/install/intent_engine/lib/python3.10/site-packages/intent_engine/cli.py to cli.cpython-310.pyc
running install_data
running install_egg_info
removing '/home/vk/ros2_ws/src/intent_engine/install/intent_engine/lib/python3.10/site-packages/intent_engine-0.1.0-py3.10.egg-info' (and everything under it)
Copying build/intent_engine/intent_engine.egg-info to /home/vk/ros2_ws/src/intent_engine/install/intent_engine/lib/python3.10/site-packages/intent_engine-0.1.0-py3.10.egg-info
running install_scripts
Installing intent_cli script to /home/vk/ros2_ws/src/intent_engine/install/intent_engine/lib/intent_engine
Installing intent_engine_node script to /home/vk/ros2_ws/src/intent_engine/install/intent_engine/lib/intent_engine
writing list of installed files to '/home/vk/ros2_ws/src/intent_engine/build/intent_engine/install.log'
