[2.479s] Invoking command in '/home/vk/ros2_ws/src/intent_engine': PYTHONPATH=/home/vk/ros2_ws/src/intent_engine/build/intent_engine/prefix_override:/usr/lib/python3/dist-packages/colcon_core/task/python/colcon_distutils_commands:/home/vk/ros2_ws/src/intent_engine/install/intent_engine/lib/python3.10/site-packages:${PYTHONPATH} /usr/bin/python3 -W ignore:setup.py install is deprecated -W ignore:easy_install command is deprecated setup.py egg_info --egg-base build/intent_engine build --build-base /home/vk/ros2_ws/src/intent_engine/build/intent_engine/build install --record /home/vk/ros2_ws/src/intent_engine/build/intent_engine/install.log --single-version-externally-managed install_data
[3.314s] running egg_info
[3.315s] creating build/intent_engine/intent_engine.egg-info
[3.316s] writing build/intent_engine/intent_engine.egg-info/PKG-INFO
[3.316s] writing dependency_links to build/intent_engine/intent_engine.egg-info/dependency_links.txt
[3.317s] writing entry points to build/intent_engine/intent_engine.egg-info/entry_points.txt
[3.317s] writing requirements to build/intent_engine/intent_engine.egg-info/requires.txt
[3.317s] writing top-level names to build/intent_engine/intent_engine.egg-info/top_level.txt
[3.318s] writing manifest file 'build/intent_engine/intent_engine.egg-info/SOURCES.txt'
[3.325s] reading manifest file 'build/intent_engine/intent_engine.egg-info/SOURCES.txt'
[3.328s] writing manifest file 'build/intent_engine/intent_engine.egg-info/SOURCES.txt'
[3.328s] running build
[3.328s] running build_py
[3.329s] creating /home/vk/ros2_ws/src/intent_engine/build/intent_engine/build
[3.329s] creating /home/vk/ros2_ws/src/intent_engine/build/intent_engine/build/lib
[3.329s] creating /home/vk/ros2_ws/src/intent_engine/build/intent_engine/build/lib/intent_engine
[3.329s] copying intent_engine/intent_node.py -> /home/vk/ros2_ws/src/intent_engine/build/intent_engine/build/lib/intent_engine
[3.330s] copying intent_engine/__init__.py -> /home/vk/ros2_ws/src/intent_engine/build/intent_engine/build/lib/intent_engine
[3.330s] copying intent_engine/blockchain_logger.py -> /home/vk/ros2_ws/src/intent_engine/build/intent_engine/build/lib/intent_engine
[3.331s] copying intent_engine/arbitration.py -> /home/vk/ros2_ws/src/intent_engine/build/intent_engine/build/lib/intent_engine
[3.331s] copying intent_engine/cli.py -> /home/vk/ros2_ws/src/intent_engine/build/intent_engine/build/lib/intent_engine
[3.331s] running install
[3.332s] running install_lib
[3.334s] creating /home/vk/ros2_ws/src/intent_engine/install/intent_engine/lib/python3.10/site-packages/intent_engine
[3.334s] copying /home/vk/ros2_ws/src/intent_engine/build/intent_engine/build/lib/intent_engine/intent_node.py -> /home/vk/ros2_ws/src/intent_engine/install/intent_engine/lib/python3.10/site-packages/intent_engine
[3.335s] copying /home/vk/ros2_ws/src/intent_engine/build/intent_engine/build/lib/intent_engine/__init__.py -> /home/vk/ros2_ws/src/intent_engine/install/intent_engine/lib/python3.10/site-packages/intent_engine
[3.335s] copying /home/vk/ros2_ws/src/intent_engine/build/intent_engine/build/lib/intent_engine/blockchain_logger.py -> /home/vk/ros2_ws/src/intent_engine/install/intent_engine/lib/python3.10/site-packages/intent_engine
[3.335s] copying /home/vk/ros2_ws/src/intent_engine/build/intent_engine/build/lib/intent_engine/arbitration.py -> /home/vk/ros2_ws/src/intent_engine/install/intent_engine/lib/python3.10/site-packages/intent_engine
[3.335s] copying /home/vk/ros2_ws/src/intent_engine/build/intent_engine/build/lib/intent_engine/cli.py -> /home/vk/ros2_ws/src/intent_engine/install/intent_engine/lib/python3.10/site-packages/intent_engine
[3.336s] byte-compiling /home/vk/ros2_ws/src/intent_engine/install/intent_engine/lib/python3.10/site-packages/intent_engine/intent_node.py to intent_node.cpython-310.pyc
[3.338s] byte-compiling /home/vk/ros2_ws/src/intent_engine/install/intent_engine/lib/python3.10/site-packages/intent_engine/__init__.py to __init__.cpython-310.pyc
[3.338s] byte-compiling /home/vk/ros2_ws/src/intent_engine/install/intent_engine/lib/python3.10/site-packages/intent_engine/blockchain_logger.py to blockchain_logger.cpython-310.pyc
[3.339s] byte-compiling /home/vk/ros2_ws/src/intent_engine/install/intent_engine/lib/python3.10/site-packages/intent_engine/arbitration.py to arbitration.cpython-310.pyc
[3.340s] byte-compiling /home/vk/ros2_ws/src/intent_engine/install/intent_engine/lib/python3.10/site-packages/intent_engine/cli.py to cli.cpython-310.pyc
[3.342s] running install_data
[3.342s] creating /home/vk/ros2_ws/src/intent_engine/install/intent_engine/share/ament_index
[3.343s] creating /home/vk/ros2_ws/src/intent_engine/install/intent_engine/share/ament_index/resource_index
[3.343s] creating /home/vk/ros2_ws/src/intent_engine/install/intent_engine/share/ament_index/resource_index/packages
[3.343s] copying resource/intent_engine -> /home/vk/ros2_ws/src/intent_engine/install/intent_engine/share/ament_index/resource_index/packages
[3.344s] copying package.xml -> /home/vk/ros2_ws/src/intent_engine/install/intent_engine/share/intent_engine
[3.344s] running install_egg_info
[3.348s] Copying build/intent_engine/intent_engine.egg-info to /home/vk/ros2_ws/src/intent_engine/install/intent_engine/lib/python3.10/site-packages/intent_engine-0.1.0-py3.10.egg-info
[3.350s] running install_scripts
[3.407s] Installing intent_cli script to /home/vk/ros2_ws/src/intent_engine/install/intent_engine/lib/intent_engine
[3.407s] Installing intent_engine_node script to /home/vk/ros2_ws/src/intent_engine/install/intent_engine/lib/intent_engine
[3.408s] writing list of installed files to '/home/vk/ros2_ws/src/intent_engine/build/intent_engine/install.log'
[3.478s] Invoked command in '/home/vk/ros2_ws/src/intent_engine' returned '0': PYTHONPATH=/home/vk/ros2_ws/src/intent_engine/build/intent_engine/prefix_override:/usr/lib/python3/dist-packages/colcon_core/task/python/colcon_distutils_commands:/home/vk/ros2_ws/src/intent_engine/install/intent_engine/lib/python3.10/site-packages:${PYTHONPATH} /usr/bin/python3 -W ignore:setup.py install is deprecated -W ignore:easy_install command is deprecated setup.py egg_info --egg-base build/intent_engine build --build-base /home/vk/ros2_ws/src/intent_engine/build/intent_engine/build install --record /home/vk/ros2_ws/src/intent_engine/build/intent_engine/install.log --single-version-externally-managed install_data
