running egg_info
creating build/intent_engine/intent_engine.egg-info
writing build/intent_engine/intent_engine.egg-info/PKG-INFO
writing dependency_links to build/intent_engine/intent_engine.egg-info/dependency_links.txt
writing entry points to build/intent_engine/intent_engine.egg-info/entry_points.txt
writing requirements to build/intent_engine/intent_engine.egg-info/requires.txt
writing top-level names to build/intent_engine/intent_engine.egg-info/top_level.txt
writing manifest file 'build/intent_engine/intent_engine.egg-info/SOURCES.txt'
reading manifest file 'build/intent_engine/intent_engine.egg-info/SOURCES.txt'
writing manifest file 'build/intent_engine/intent_engine.egg-info/SOURCES.txt'
running build
running build_py
creating /home/vk/ros2_ws/src/intent_engine/build/intent_engine/build
creating /home/vk/ros2_ws/src/intent_engine/build/intent_engine/build/lib
creating /home/vk/ros2_ws/src/intent_engine/build/intent_engine/build/lib/intent_engine
copying intent_engine/intent_node.py -> /home/vk/ros2_ws/src/intent_engine/build/intent_engine/build/lib/intent_engine
copying intent_engine/__init__.py -> /home/vk/ros2_ws/src/intent_engine/build/intent_engine/build/lib/intent_engine
copying intent_engine/blockchain_logger.py -> /home/vk/ros2_ws/src/intent_engine/build/intent_engine/build/lib/intent_engine
copying intent_engine/arbitration.py -> /home/vk/ros2_ws/src/intent_engine/build/intent_engine/build/lib/intent_engine
copying intent_engine/cli.py -> /home/vk/ros2_ws/src/intent_engine/build/intent_engine/build/lib/intent_engine
running install
running install_lib
creating /home/vk/ros2_ws/src/intent_engine/install/intent_engine/lib/python3.10/site-packages/intent_engine
copying /home/vk/ros2_ws/src/intent_engine/build/intent_engine/build/lib/intent_engine/intent_node.py -> /home/vk/ros2_ws/src/intent_engine/install/intent_engine/lib/python3.10/site-packages/intent_engine
copying /home/vk/ros2_ws/src/intent_engine/build/intent_engine/build/lib/intent_engine/__init__.py -> /home/vk/ros2_ws/src/intent_engine/install/intent_engine/lib/python3.10/site-packages/intent_engine
copying /home/vk/ros2_ws/src/intent_engine/build/intent_engine/build/lib/intent_engine/blockchain_logger.py -> /home/vk/ros2_ws/src/intent_engine/install/intent_engine/lib/python3.10/site-packages/intent_engine
copying /home/vk/ros2_ws/src/intent_engine/build/intent_engine/build/lib/intent_engine/arbitration.py -> /home/vk/ros2_ws/src/intent_engine/install/intent_engine/lib/python3.10/site-packages/intent_engine
copying /home/vk/ros2_ws/src/intent_engine/build/intent_engine/build/lib/intent_engine/cli.py -> /home/vk/ros2_ws/src/intent_engine/install/intent_engine/lib/python3.10/site-packages/intent_engine
byte-compiling /home/vk/ros2_ws/src/intent_engine/install/intent_engine/lib/python3.10/site-packages/intent_engine/intent_node.py to intent_node.cpython-310.pyc
byte-compiling /home/vk/ros2_ws/src/intent_engine/install/intent_engine/lib/python3.10/site-packages/intent_engine/__init__.py to __init__.cpython-310.pyc
byte-compiling /home/vk/ros2_ws/src/intent_engine/install/intent_engine/lib/python3.10/site-packages/intent_engine/blockchain_logger.py to blockchain_logger.cpython-310.pyc
byte-compiling /home/vk/ros2_ws/src/intent_engine/install/intent_engine/lib/python3.10/site-packages/intent_engine/arbitration.py to arbitration.cpython-310.pyc
byte-compiling /home/vk/ros2_ws/src/intent_engine/install/intent_engine/lib/python3.10/site-packages/intent_engine/cli.py to cli.cpython-310.pyc
running install_data
creating /home/vk/ros2_ws/src/intent_engine/install/intent_engine/share/ament_index
creating /home/vk/ros2_ws/src/intent_engine/install/intent_engine/share/ament_index/resource_index
creating /home/vk/ros2_ws/src/intent_engine/install/intent_engine/share/ament_index/resource_index/packages
copying resource/intent_engine -> /home/vk/ros2_ws/src/intent_engine/install/intent_engine/share/ament_index/resource_index/packages
copying package.xml -> /home/vk/ros2_ws/src/intent_engine/install/intent_engine/share/intent_engine
running install_egg_info
Copying build/intent_engine/intent_engine.egg-info to /home/vk/ros2_ws/src/intent_engine/install/intent_engine/lib/python3.10/site-packages/intent_engine-0.1.0-py3.10.egg-info
running install_scripts
Installing intent_cli script to 
