[0.329s] DEBUG:colcon:Command line arguments: ['/usr/bin/colcon', 'build', '--allow-overriding', 'turtlesim']
[0.329s] DEBUG:colcon:Parsed command line arguments: Namespace(log_base=None, log_level=None, verb_name='build', build_base='build', install_base='install', merge_install=False, symlink_install=False, test_result_base=None, continue_on_error=False, executor='parallel', parallel_workers=4, event_handlers=None, ignore_user_meta=False, metas=['./colcon.meta'], base_paths=['.'], packages_ignore=None, packages_ignore_regex=None, paths=None, packages_up_to=None, packages_up_to_regex=None, packages_above=None, packages_above_and_dependencies=None, packages_above_depth=None, packages_select_by_dep=None, packages_skip_by_dep=None, packages_skip_up_to=None, packages_select_build_failed=False, packages_skip_build_finished=False, packages_select_test_failures=False, packages_skip_test_passed=False, packages_select=None, packages_skip=None, packages_select_regex=None, packages_skip_regex=None, packages_start=None, packages_end=None, allow_overriding=['turtlesim'], cmake_args=None, cmake_target=None, cmake_target_skip_unavailable=False, cmake_clean_cache=False, cmake_clean_first=False, cmake_force_configure=False, ament_cmake_args=None, catkin_cmake_args=None, catkin_skip_building_tests=False, mixin_files=None, mixin=None, verb_parser=<colcon_mixin.mixin.mixin_argument.MixinArgumentDecorator object at 0x7b079181a950>, verb_extension=<colcon_core.verb.build.BuildVerb object at 0x7b07919638e0>, main=<bound method BuildVerb.main of <colcon_core.verb.build.BuildVerb object at 0x7b07919638e0>>, mixin_verb=('build',))
[0.938s] Level 1:colcon.colcon_core.package_discovery:discover_packages(colcon_meta) check parameters
[0.939s] Level 1:colcon.colcon_core.package_discovery:discover_packages(recursive) check parameters
[0.939s] Level 1:colcon.colcon_core.package_discovery:discover_packages(ignore) check parameters
[0.939s] Level 1:colcon.colcon_core.package_discovery:discover_packages(path) check parameters
[0.939s] Level 1:colcon.colcon_core.package_discovery:discover_packages(colcon_meta) discover
[0.939s] Level 1:colcon.colcon_core.package_discovery:discover_packages(recursive) discover
[0.939s] INFO:colcon.colcon_core.package_discovery:Crawling recursively for packages in '/home/vk/ros2_ws/src/intent_engine'
[0.939s] Level 1:colcon.colcon_core.package_identification:_identify(.) by extensions ['ignore', 'ignore_ament_install']
[0.940s] Level 1:colcon.colcon_core.package_identification:_identify(.) by extension 'ignore'
[0.940s] Level 1:colcon.colcon_core.package_identification:_identify(.) by extension 'ignore_ament_install'
[0.940s] Level 1:colcon.colcon_core.package_identification:_identify(.) by extensions ['colcon_pkg']
[0.940s] Level 1:colcon.colcon_core.package_identification:_identify(.) by extension 'colcon_pkg'
[0.940s] Level 1:colcon.colcon_core.package_identification:_identify(.) by extensions ['colcon_meta']
[0.940s] Level 1:colcon.colcon_core.package_identification:_identify(.) by extension 'colcon_meta'
[0.940s] Level 1:colcon.colcon_core.package_identification:_identify(.) by extensions ['ros']
[0.940s] Level 1:colcon.colcon_core.package_identification:_identify(.) by extension 'ros'
[1.002s] DEBUG:colcon.colcon_core.package_identification:Package '.' with type 'ros.ament_python' and name 'intent_engine'
[1.003s] Level 1:colcon.colcon_core.package_discovery:discover_packages(recursive) using defaults
[1.003s] Level 1:colcon.colcon_core.package_discovery:discover_packages(ignore) discover
[1.003s] Level 1:colcon.colcon_core.package_discovery:discover_packages(ignore) using defaults
[1.003s] Level 1:colcon.colcon_core.package_discovery:discover_packages(path) discover
[1.003s] Level 1:colcon.colcon_core.package_discovery:discover_packages(path) using defaults
[1.004s] WARNING:colcon.colcon_core.package_selection:ignoring unknown package 'turtlesim' in --allow-overriding
[1.069s] Level 1:colcon.colcon_core.package_discovery:discover_packages(prefix_path) check parameters
[1.069s] Level 1:colcon.colcon_core.package_discovery:discover_packages(prefix_path) discover
[1.072s] WARNING:colcon.colcon_ros.prefix_path.ament:The path '/home/vk/ros2_ws/install/turtlesim' in the environment variable AMENT_PREFIX_PATH doesn't exist
[1.073s] WARNING:colcon.colcon_ros.prefix_path.ament:The path '/home/vk/ros2_ws/install/altrus_mock_middleware' in the environment variable AMENT_PREFIX_PATH doesn't exist
[1.073s] WARNING:colcon.colcon_ros.prefix_path.catkin:The path '/home/vk/ros2_ws/install/turtlesim' in the environment variable CMAKE_PREFIX_PATH doesn't exist
[1.075s] DEBUG:colcon.colcon_installed_package_information.package_discovery:Found 1 installed packages in /home/vk/ros2_ws/install
[1.079s] DEBUG:colcon.colcon_installed_package_information.package_discovery:Found 271 installed packages in /opt/ros/humble
[1.085s] Level 1:colcon.colcon_core.package_discovery:discover_packages(prefix_path) using defaults
[1.216s] Level 5:colcon.colcon_core.verb:set package 'intent_engine' build argument 'cmake_args' from command line to 'None'
[1.217s] Level 5:colcon.colcon_core.verb:set package 'intent_engine' build argument 'cmake_target' from command line to 'None'
[1.217s] Level 5:colcon.colcon_core.verb:set package 'intent_engine' build argument 'cmake_target_skip_unavailable' from command line to 'False'
[1.217s] Level 5:colcon.colcon_core.verb:set package 'intent_engine' build argument 'cmake_clean_cache' from command line to 'False'
[1.217s] Level 5:colcon.colcon_core.verb:set package 'intent_engine' build argument 'cmake_clean_first' from command line to 'False'
[1.217s] Level 5:colcon.colcon_core.verb:set package 'intent_engine' build argument 'cmake_force_configure' from command line to 'False'
[1.217s] Level 5:colcon.colcon_core.verb:set package 'intent_engine' build argument 'ament_cmake_args' from command line to 'None'
[1.217s] Level 5:colcon.colcon_core.verb:set package 'intent_engine' build argument 'catkin_cmake_args' from command line to 'None'
[1.217s] Level 5:colcon.colcon_core.verb:set package 'intent_engine' build argument 'catkin_skip_building_tests' from command line to 'False'
[1.217s] DEBUG:colcon.colcon_core.verb:Building package 'intent_engine' with the following arguments: {'ament_cmake_args': None, 'build_base': '/home/vk/ros2_ws/src/intent_engine/build/intent_engine', 'catkin_cmake_args': None, 'catkin_skip_building_tests': False, 'cmake_args': None, 'cmake_clean_cache': False, 'cmake_clean_first': False, 'cmake_force_configure': False, 'cmake_target': None, 'cmake_target_skip_unavailable': False, 'install_base': '/home/vk/ros2_ws/src/intent_engine/install/intent_engine', 'merge_install': False, 'path': '/home/vk/ros2_ws/src/intent_engine', 'symlink_install': False, 'test_result_base': None}
[1.218s] INFO:colcon.colcon_core.executor:Executing jobs using 'parallel' executor
[1.221s] DEBUG:colcon.colcon_parallel_executor.executor.parallel:run_until_complete
[1.222s] INFO:colcon.colcon_ros.task.ament_python.build:Building ROS package in '/home/vk/ros2_ws/src/intent_engine' with build type 'ament_python'
[1.223s] Level 1:colcon.colcon_core.shell:create_environment_hook('intent_engine', 'ament_prefix_path')
[1.229s] INFO:colcon.colcon_core.plugin_system:Skipping extension 'colcon_core.shell.bat': Not used on non-Windows systems
[1.230s] INFO:colcon.colcon_core.shell:Creating environment hook '/home/vk/ros2_ws/src/intent_engine/install/intent_engine/share/intent_engine/hook/ament_prefix_path.ps1'
[1.231s] INFO:colcon.colcon_core.shell:Creating environment descriptor '/home/vk/ros2_ws/src/intent_engine/install/intent_engine/share/intent_engine/hook/ament_prefix_path.dsv'
[1.233s] INFO:colcon.colcon_core.shell:Creating environment hook '/home/vk/ros2_ws/src/intent_engine/install/intent_engine/share/intent_engine/hook/ament_prefix_path.sh'
[1.235s] INFO:colcon.colcon_core.shell:Skip shell extension 'powershell' for command environment: Not usable outside of PowerShell
[1.235s] DEBUG:colcon.colcon_core.shell:Skip shell extension 'dsv' for command environment
[2.043s] INFO:colcon.colcon_core.task.python.build:Building Python package in '/home/vk/ros2_ws/src/intent_engine'
[2.044s] INFO:colcon.colcon_core.shell:Skip shell extension 'powershell' for command environment: Not usable outside of PowerShell
[2.045s] DEBUG:colcon.colcon_core.shell:Skip shell extension 'dsv' for command environment
[3.184s] DEBUG:colcon.colcon_core.event_handler.log_command:Invoking command in '/home/vk/ros2_ws/src/intent_engine': PYTHONPATH=/home/vk/ros2_ws/src/intent_engine/build/intent_engine/prefix_override:/usr/lib/python3/dist-packages/colcon_core/task/python/colcon_distutils_commands:/home/vk/ros2_ws/src/intent_engine/install/intent_engine/lib/python3.10/site-packages:${PYTHONPATH} /usr/bin/python3 -W ignore:setup.py install is deprecated -W ignore:easy_install command is deprecated setup.py egg_info --egg-base build/intent_engine build --build-base /home/vk/ros2_ws/src/intent_engine/build/intent_engine/build install --record /home/vk/ros2_ws/src/intent_engine/build/intent_engine/install.log --single-version-externally-managed install_data
[4.247s] DEBUG:colcon.colcon_core.event_handler.log_command:Invoked command in '/home/vk/ros2_ws/src/intent_engine' returned '0': PYTHONPATH=/home/vk/ros2_ws/src/intent_engine/build/intent_engine/prefix_override:/usr/lib/python3/dist-packages/colcon_core/task/python/colcon_distutils_commands:/home/vk/ros2_ws/src/intent_engine/install/intent_engine/lib/python3.10/site-packages:${PYTHONPATH} /usr/bin/python3 -W ignore:setup.py install is deprecated -W ignore:easy_install command is deprecated setup.py egg_info --egg-base build/intent_engine build --build-base /home/vk/ros2_ws/src/intent_engine/build/intent_engine/build install --record /home/vk/ros2_ws/src/intent_engine/build/intent_engine/install.log --single-version-externally-managed install_data
[4.259s] Level 1:colcon.colcon_core.environment:checking '/home/vk/ros2_ws/src/intent_engine/install/intent_engine' for CMake module files
[4.261s] Level 1:colcon.colcon_core.environment:checking '/home/vk/ros2_ws/src/intent_engine/install/intent_engine' for CMake config files
[4.263s] Level 1:colcon.colcon_core.environment:checking '/home/vk/ros2_ws/src/intent_engine/install/intent_engine/lib'
[4.264s] Level 1:colcon.colcon_core.environment:checking '/home/vk/ros2_ws/src/intent_engine/install/intent_engine/bin'
[4.264s] Level 1:colcon.colcon_core.environment:checking '/home/vk/ros2_ws/src/intent_engine/install/intent_engine/lib/pkgconfig/intent_engine.pc'
[4.266s] Level 1:colcon.colcon_core.environment:checking '/home/vk/ros2_ws/src/intent_engine/install/intent_engine/lib/python3.10/site-packages'
[4.266s] Level 1:colcon.colcon_core.shell:create_environment_hook('intent_engine', 'pythonpath')
[4.267s] INFO:colcon.colcon_core.shell:Creating environment hook '/home/vk/ros2_ws/src/intent_engine/install/intent_engine/share/intent_engine/hook/pythonpath.ps1'
[4.269s] INFO:colcon.colcon_core.shell:Creating environment descriptor '/home/vk/ros2_ws/src/intent_engine/install/intent_engine/share/intent_engine/hook/pythonpath.dsv'
[4.270s] INFO:colcon.colcon_core.shell:Creating environment hook '/home/vk/ros2_ws/src/intent_engine/install/intent_engine/share/intent_engine/hook/pythonpath.sh'
[4.272s] Level 1:colcon.colcon_core.environment:checking '/home/vk/ros2_ws/src/intent_engine/install/intent_engine/bin'
[4.273s] Level 1:colcon.colcon_core.environment:create_environment_scripts_only(intent_engine)
[4.274s] INFO:colcon.colcon_core.shell:Creating package script '/home/vk/ros2_ws/src/intent_engine/install/intent_engine/share/intent_engine/package.ps1'
[4.277s] INFO:colcon.colcon_core.shell:Creating package descriptor '/home/vk/ros2_ws/src/intent_engine/install/intent_engine/share/intent_engine/package.dsv'
[4.279s] INFO:colcon.colcon_core.shell:Creating package script '/home/vk/ros2_ws/src/intent_engine/install/intent_engine/share/intent_engine/package.sh'
[4.281s] INFO:colcon.colcon_core.shell:Creating package script '/home/vk/ros2_ws/src/intent_engine/install/intent_engine/share/intent_engine/package.bash'
[4.285s] INFO:colcon.colcon_core.shell:Creating package script '/home/vk/ros2_ws/src/intent_engine/install/intent_engine/share/intent_engine/package.zsh'
[4.287s] Level 1:colcon.colcon_core.environment:create_file_with_runtime_dependencies(/home/vk/ros2_ws/src/intent_engine/install/intent_engine/share/colcon-core/packages/intent_engine)
[4.289s] DEBUG:colcon.colcon_parallel_executor.executor.parallel:closing loop
[4.290s] DEBUG:colcon.colcon_parallel_executor.executor.parallel:loop closed
[4.290s] DEBUG:colcon.colcon_parallel_executor.executor.parallel:run_until_complete finished with '0'
[4.291s] DEBUG:colcon.colcon_core.event_reactor:joining thread
[4.322s] INFO:colcon.colcon_core.plugin_system:Skipping extension 'colcon_notification.desktop_notification.terminal_notifier': Not used on non-Darwin systems
[4.325s] INFO:colcon.colcon_core.plugin_system:Skipping extension 'colcon_notification.desktop_notification.win32': Not used on non-Windows systems
[4.328s] INFO:colcon.colcon_notification.desktop_notification:Sending desktop notification using 'notify2'
[4.426s] DEBUG:colcon.colcon_core.event_reactor:joined thread
[4.428s] INFO:colcon.colcon_core.shell:Creating prefix script '/home/vk/ros2_ws/src/intent_engine/install/local_setup.ps1'
[4.438s] INFO:colcon.colcon_core.shell:Creating prefix util module '/home/vk/ros2_ws/src/intent_engine/install/_local_setup_util_ps1.py'
[4.453s] INFO:colcon.colcon_core.shell:Creating prefix chain script '/home/vk/ros2_ws/src/intent_engine/install/setup.ps1'
[4.463s] INFO:colcon.colcon_core.shell:Creating prefix script '/home/vk/ros2_ws/src/intent_engine/install/local_setup.sh'
[4.470s] INFO:colcon.colcon_core.shell:Creating prefix util module '/home/vk/ros2_ws/src/intent_engine/install/_local_setup_util_sh.py'
[4.474s] INFO:colcon.colcon_core.shell:Creating prefix chain script '/home/vk/ros2_ws/src/intent_engine/install/setup.sh'
[4.483s] INFO:colcon.colcon_core.shell:Creating prefix script '/home/vk/ros2_ws/src/intent_engine/install/local_setup.bash'
[4.487s] INFO:colcon.colcon_core.shell:Creating prefix chain script '/home/vk/ros2_ws/src/intent_engine/install/setup.bash'
[4.498s] INFO:colcon.colcon_core.shell:Creating prefix script '/home/vk/ros2_ws/src/intent_engine/install/local_setup.zsh'
[4.502s] INFO:colcon.colcon_core.shell:Creating prefix chain script '/home/vk/ros2_ws/src/intent_engine/install/setup.zsh'
