/home/vk/ros2_ws/src/intent_engine/install/intent_engine/lib/python3.10/site-packages/intent_engine/intent_node.py
/home/vk/ros2_ws/src/intent_engine/install/intent_engine/lib/python3.10/site-packages/intent_engine/__init__.py
/home/vk/ros2_ws/src/intent_engine/install/intent_engine/lib/python3.10/site-packages/intent_engine/blockchain_logger.py
/home/vk/ros2_ws/src/intent_engine/install/intent_engine/lib/python3.10/site-packages/intent_engine/arbitration.py
/home/vk/ros2_ws/src/intent_engine/install/intent_engine/lib/python3.10/site-packages/intent_engine/cli.py
/home/vk/ros2_ws/src/intent_engine/install/intent_engine/lib/python3.10/site-packages/intent_engine/__pycache__/intent_node.cpython-310.pyc
/home/vk/ros2_ws/src/intent_engine/install/intent_engine/lib/python3.10/site-packages/intent_engine/__pycache__/__init__.cpython-310.pyc
/home/vk/ros2_ws/src/intent_engine/install/intent_engine/lib/python3.10/site-packages/intent_engine/__pycache__/blockchain_logger.cpython-310.pyc
/home/vk/ros2_ws/src/intent_engine/install/intent_engine/lib/python3.10/site-packages/intent_engine/__pycache__/arbitration.cpython-310.pyc
/home/vk/ros2_ws/src/intent_engine/install/intent_engine/lib/python3.10/site-packages/intent_engine/__pycache__/cli.cpython-310.pyc
/home/vk/ros2_ws/src/intent_engine/install/intent_engine/share/ament_index/resource_index/packages/intent_engine
/home/vk/ros2_ws/src/intent_engine/install/intent_engine/share/intent_engine/package.xml
/home/vk/ros2_ws/src/intent_engine/install/intent_engine/lib/python3.10/site-packages/intent_engine-0.1.0-py3.10.egg-info/requires.txt
/home/vk/ros2_ws/src/intent_engine/install/intent_engine/lib/python3.10/site-packages/intent_engine-0.1.0-py3.10.egg-info/dependency_links.txt
/home/vk/ros2_ws/src/intent_engine/install/intent_engine/lib/python3.10/site-packages/intent_engine-0.1.0-py3.10.egg-info/PKG-INFO
/home/vk/ros2_ws/src/intent_engine/install/intent_engine/lib/python3.10/site-packages/intent_engine-0.1.0-py3.10.egg-info/top_level.txt
/home/vk/ros2_ws/src/intent_engine/install/intent_engine/lib/python3.10/site-packages/intent_engine-0.1.0-py3.10.egg-info/zip-safe
/home/vk/ros2_ws/src/intent_engine/install/intent_engine/lib/python3.10/site-packages/intent_engine-0.1.0-py3.10.egg-info/SOURCES.txt
/home/vk/ros2_ws/src/intent_engine/install/intent_engine/lib/python3.10/site-packages/intent_engine-0.1.0-py3.10.egg-info/entry_points.txt
/home/vk/ros2_ws/src/intent_engine/install/intent_engine/lib/intent_engine/intent_cli
/home/vk/ros2_ws/src/intent_engine/install/intent_engine/lib/intent_engine/intent_engine_node
