[1.962s] Invoking command in '/home/vk/ros2_ws/src/intent_engine': PYTHONPATH=/home/vk/ros2_ws/src/intent_engine/build/intent_engine/prefix_override:/usr/lib/python3/dist-packages/colcon_core/task/python/colcon_distutils_commands:/home/vk/ros2_ws/src/intent_engine/install/intent_engine/lib/python3.10/site-packages:${PYTHONPATH} /usr/bin/python3 -W ignore:setup.py install is deprecated -W ignore:easy_install command is deprecated setup.py egg_info --egg-base build/intent_engine build --build-base /home/vk/ros2_ws/src/intent_engine/build/intent_engine/build install --record /home/vk/ros2_ws/src/intent_engine/build/intent_engine/install.log --single-version-externally-managed install_data
[2.862s] running egg_info
[2.863s] writing build/intent_engine/intent_engine.egg-info/PKG-INFO
[2.865s] writing dependency_links to build/intent_engine/intent_engine.egg-info/dependency_links.txt
[2.865s] writing entry points to build/intent_engine/intent_engine.egg-info/entry_points.txt
[2.865s] writing requirements to build/intent_engine/intent_engine.egg-info/requires.txt
[2.865s] writing top-level names to build/intent_engine/intent_engine.egg-info/top_level.txt
[2.869s] reading manifest file 'build/intent_engine/intent_engine.egg-info/SOURCES.txt'
[2.872s] writing manifest file 'build/intent_engine/intent_engine.egg-info/SOURCES.txt'
[2.874s] running build
[2.874s] running build_py
[2.874s] copying intent_engine/arbitration.py -> /home/vk/ros2_ws/src/intent_engine/build/intent_engine/build/lib/intent_engine
[2.874s] copying intent_engine/cli.py -> /home/vk/ros2_ws/src/intent_engine/build/intent_engine/build/lib/intent_engine
[2.875s] running install
[2.875s] running install_lib
[2.877s] copying /home/vk/ros2_ws/src/intent_engine/build/intent_engine/build/lib/intent_engine/arbitration.py -> /home/vk/ros2_ws/src/intent_engine/install/intent_engine/lib/python3.10/site-packages/intent_engine
[2.878s] copying /home/vk/ros2_ws/src/intent_engine/build/intent_engine/build/lib/intent_engine/cli.py -> /home/vk/ros2_ws/src/intent_engine/install/intent_engine/lib/python3.10/site-packages/intent_engine
[2.880s] byte-compiling /home/vk/ros2_ws/src/intent_engine/install/intent_engine/lib/python3.10/site-packages/intent_engine/arbitration.py to arbitration.cpython-310.pyc
[2.880s] byte-compiling /home/vk/ros2_ws/src/intent_engine/install/intent_engine/lib/python3.10/site-packages/intent_engine/cli.py to cli.cpython-310.pyc
[2.884s] running install_data
[2.885s] copying resource/intent_engine -> /home/vk/ros2_ws/src/intent_engine/install/intent_engine/share/ament_index/resource_index/packages
[2.885s] copying package.xml -> /home/vk/ros2_ws/src/intent_engine/install/intent_engine/share/intent_engine
[2.885s] running install_egg_info
[2.890s] removing '/home/vk/ros2_ws/src/intent_engine/install/intent_engine/lib/python3.10/site-packages/intent_engine-0.1.0-py3.10.egg-info' (and everything under it)
[2.891s] Copying build/intent_engine/intent_engine.egg-info to /home/vk/ros2_ws/src/intent_engine/install/intent_engine/lib/python3.10/site-packages/intent_engine-0.1.0-py3.10.egg-info
[2.893s] running install_scripts
[2.955s] Installing intent_cli script to /home/vk/ros2_ws/src/intent_engine/install/intent_engine/lib/intent_engine
[2.956s] Installing intent_engine_node script to /home/vk/ros2_ws/src/intent_engine/install/intent_engine/lib/intent_engine
[2.957s] writing list of installed files to '/home/vk/ros2_ws/src/intent_engine/build/intent_engine/install.log'
[3.024s] Invoked command in '/home/vk/ros2_ws/src/intent_engine' returned '0': PYTHONPATH=/home/vk/ros2_ws/src/intent_engine/build/intent_engine/prefix_override:/usr/lib/python3/dist-packages/colcon_core/task/python/colcon_distutils_commands:/home/vk/ros2_ws/src/intent_engine/install/intent_engine/lib/python3.10/site-packages:${PYTHONPATH} /usr/bin/python3 -W ignore:setup.py install is deprecated -W ignore:easy_install command is deprecated setup.py egg_info --egg-base build/intent_engine build --build-base /home/vk/ros2_ws/src/intent_engine/build/intent_engine/build install --record /home/vk/ros2_ws/src/intent_engine/build/intent_engine/install.log --single-version-externally-managed install_data
